  % Total    % Received % Xferd  Average Speed   Time    Time     Time  Current
                                 Dload  Upload   Total   Spent    Left  Speed

  0     0    0     0    0     0      0      0 --:--:-- --:--:-- --:--:--     0
  7 3189k    7  224k    0     0   374k      0  0:00:08 --:--:--  0:00:08  374k
 68 3189k   68 2176k    0     0  1368k      0  0:00:02  0:00:01  0:00:01 1368k
100 3189k  100 3189k    0     0  1486k      0  0:00:02  0:00:02 --:--:-- 1486k
configure: ./configure --prefix=/Users/krodriguez/repos/knoten/miniset/wasm/build/install --host=wasm32-unknown-emscripten --disable-shared --enable-static --disable-threadsafe "CFLAGS=-DSQLITE_THREADSAFE=0 -O3 -fexceptions -s ERROR_ON_UNDEFINED_SYMBOLS=0"
configure: WARNING: using cross tools not prefixed with host triplet
emcc (Emscripten gcc/clang-like replacement + linker emulating GNU ld) 3.1.58-git
clang version 19.1.7
Target: wasm32-unknown-emscripten
Thread model: posix
InstalledDir: /Users/krodriguez/miniforge3/envs/miniset/bin
make: make -j4 install
emcc: warning: linker setting ignored during compilation: 'ERROR_ON_UNDEFINED_SYMBOLS' [-Wunused-command-line-argument]
emcc: warning: linker setting ignored during compilation: 'ERROR_ON_UNDEFINED_SYMBOLS' [-Wunused-command-line-argument]
sqlite3.c:41968:10: warning: 'HAVE_FULLFSYNC' macro redefined [-Wmacro-redefined]
 41968 | # define HAVE_FULLFSYNC 0
       |          ^
<command line>:24:9: note: previous definition is here
   24 | #define HAVE_FULLFSYNC 1
      |         ^
emcc: warning: linker setting ignored during compilation: 'ERROR_ON_UNDEFINED_SYMBOLS' [-Wunused-command-line-argument]
sqlite3.c:41968:10: warning: 'HAVE_FULLFSYNC' macro redefined [-Wmacro-redefined]
 41968 | # define HAVE_FULLFSYNC 0
       |          ^
<command line>:24:9: note: previous definition is here
   24 | #define HAVE_FULLFSYNC 1
      |         ^
1 warning generated.
1 warning generated.
cache:INFO: generating system asset: symbol_lists/15d710bf5a15a1ba5b9fd20d451b5f6f5b4f9108.json... (this will be cached in "/Users/krodriguez/miniforge3/envs/miniset/lib/emscripten-3.1.58/cache/symbol_lists/15d710bf5a15a1ba5b9fd20d451b5f6f5b4f9108.json" for subsequent builds)
cache:INFO:  - ok
wasm-ld: error: unable to find library -ltinfo
emcc: error: '/Users/krodriguez/miniforge3/envs/miniset/bin/wasm-ld -o sqlite3.wasm sqlite3-shell.o sqlite3-sqlite3.o -ltinfo -L/Users/krodriguez/miniforge3/envs/miniset/lib/emscripten-3.1.58/cache/sysroot/lib/wasm32-emscripten -lGL-getprocaddr -lal -lhtml5 -lstubs -lnoexit -lc -ldlmalloc -lcompiler_rt -lc++ -lc++abi -lsockets -mllvm -combiner-global-alias-analysis=false -mllvm -enable-emscripten-cxx-exceptions -mllvm -enable-emscripten-sjlj -mllvm -disable-lsr /var/folders/xg/dql2988n7y53x8p4dfzd776h0000gp/T/tmpcc9voewtlibemscripten_js_symbols.so --import-undefined --strip-debug --export-if-defined=_emscripten_stack_alloc --export-if-defined=__get_temp_ret --export-if-defined=__set_temp_ret --export-if-defined=__cxa_is_pointer_type --export-if-defined=__cxa_can_catch --export-if-defined=__cxa_increment_exception_refcount --export-if-defined=__cxa_decrement_exception_refcount --export-if-defined=setThrew --export-if-defined=__cxa_free_exception --export-if-defined=__wasm_call_ctors --export-if-defined=emscripten_stack_get_current --export-if-defined=_emscripten_stack_restore --export-if-defined=__start_em_asm --export-if-defined=__stop_em_asm --export-if-defined=__start_em_lib_deps --export-if-defined=__stop_em_lib_deps --export-if-defined=__start_em_js --export-if-defined=__stop_em_js --export-if-defined=main --export-if-defined=__main_argc_argv --export-table -z stack-size=65536 --no-growable-memory --initial-heap=16777216 --no-entry --table-base=1 --global-base=1024' failed (returned 1)
make[1]: *** [sqlite3] Error 1
emmake: error: 'make -j4 install' failed (returned 2)
make: *** [/Users/krodriguez/repos/knoten/miniset/wasm/build/install/lib/libsqlite3.a] Error 1
ERROR conda.cli.main_run:execute(142): `conda run make all` failed. (See above for error)
mkdir -p build/src; \
	cd build/src; \
	curl -L "https://www.sqlite.org/2024/sqlite-autoconf-3460100.tar.gz" | tar xz
cd build/src/sqlite-autoconf-3460100; \
	LDFLAGS="" CXXFLAGS="-O3 -fexceptions -s ERROR_ON_UNDEFINED_SYMBOLS=0" CFLAGS="-O3 -fexceptions -s ERROR_ON_UNDEFINED_SYMBOLS=0" emconfigure ./configure --prefix=/Users/krodriguez/repos/knoten/miniset/wasm/build/install \
		--host=wasm32-unknown-emscripten \
		--disable-shared --enable-static \
		--disable-threadsafe \
		CFLAGS="-DSQLITE_THREADSAFE=0 -O3 -fexceptions -s ERROR_ON_UNDEFINED_SYMBOLS=0"
checking for a BSD-compatible install... /usr/bin/install -c
checking whether build environment is sane... yes
checking for wasm32-unknown-emscripten-strip... arm64-apple-darwin20.0.0-strip
checking for a race-free mkdir -p... ././install-sh -c -d
checking for gawk... no
checking for mawk... no
checking for nawk... no
checking for awk... awk
checking whether make sets $(MAKE)... yes
checking whether make supports nested variables... yes
checking whether make supports the include directive... yes (GNU style)
checking for wasm32-unknown-emscripten-gcc... /Users/krodriguez/miniforge3/envs/miniset/lib/emscripten-3.1.58/emcc
checking whether the C compiler works... yes
checking for C compiler default output file name... a.out
checking for suffix of executables... 
checking whether we are cross compiling... yes
checking for suffix of object files... o
checking whether the compiler supports GNU C... yes
checking whether /Users/krodriguez/miniforge3/envs/miniset/lib/emscripten-3.1.58/emcc accepts -g... yes
checking for /Users/krodriguez/miniforge3/envs/miniset/lib/emscripten-3.1.58/emcc option to enable C11 features... none needed
checking whether /Users/krodriguez/miniforge3/envs/miniset/lib/emscripten-3.1.58/emcc understands -c and -o together... yes
checking dependency style of /Users/krodriguez/miniforge3/envs/miniset/lib/emscripten-3.1.58/emcc... gcc3
checking for special C compiler options needed for large files... no
checking for _FILE_OFFSET_BITS value needed for large files... no
checking for wasm32-unknown-emscripten-gcc... (cached) /Users/krodriguez/miniforge3/envs/miniset/lib/emscripten-3.1.58/emcc
checking whether the compiler supports GNU C... (cached) yes
checking whether /Users/krodriguez/miniforge3/envs/miniset/lib/emscripten-3.1.58/emcc accepts -g... (cached) yes
checking for /Users/krodriguez/miniforge3/envs/miniset/lib/emscripten-3.1.58/emcc option to enable C11 features... (cached) none needed
checking whether /Users/krodriguez/miniforge3/envs/miniset/lib/emscripten-3.1.58/emcc understands -c and -o together... (cached) yes
checking dependency style of /Users/krodriguez/miniforge3/envs/miniset/lib/emscripten-3.1.58/emcc... (cached) gcc3
checking build system type... aarch64-apple-darwin20.0.0
checking host system type... wasm32-unknown-emscripten
checking how to print strings... printf
checking for a sed that does not truncate output... /usr/bin/sed
checking for grep that handles long lines and -e... /usr/bin/grep
checking for egrep... /usr/bin/grep -E
checking for fgrep... /usr/bin/grep -F
checking for ld used by /Users/krodriguez/miniforge3/envs/miniset/lib/emscripten-3.1.58/emcc... /Users/krodriguez/miniforge3/envs/miniset/lib/emscripten-3.1.58/emcc
checking if the linker (/Users/krodriguez/miniforge3/envs/miniset/lib/emscripten-3.1.58/emcc) is GNU ld... yes
checking for BSD- or MS-compatible name lister (nm)... /Users/krodriguez/miniforge3/envs/miniset/bin/llvm-nm
checking the name lister (/Users/krodriguez/miniforge3/envs/miniset/bin/llvm-nm) interface... BSD nm
checking whether ln -s works... yes
checking the maximum length of command line arguments... 786432
checking how to convert aarch64-apple-darwin20.0.0 file names to wasm32-unknown-emscripten format... func_convert_file_noop
checking how to convert aarch64-apple-darwin20.0.0 file names to toolchain format... func_convert_file_noop
checking for /Users/krodriguez/miniforge3/envs/miniset/lib/emscripten-3.1.58/emcc option to reload object files... -r
checking for wasm32-unknown-emscripten-objdump... no
checking for objdump... objdump
checking how to recognize dependent libraries... unknown
checking for wasm32-unknown-emscripten-dlltool... no
checking for dlltool... no
checking how to associate runtime and link libraries... printf %s\n
checking for wasm32-unknown-emscripten-ar... /Users/krodriguez/miniforge3/envs/miniset/lib/emscripten-3.1.58/emar
checking for archiver @FILE support... @
checking for wasm32-unknown-emscripten-strip... (cached) arm64-apple-darwin20.0.0-strip
checking for wasm32-unknown-emscripten-ranlib... /Users/krodriguez/miniforge3/envs/miniset/lib/emscripten-3.1.58/emranlib
checking command to parse /Users/krodriguez/miniforge3/envs/miniset/bin/llvm-nm output from /Users/krodriguez/miniforge3/envs/miniset/lib/emscripten-3.1.58/emcc object... ok
checking for sysroot... no
checking for a working dd... /bin/dd
checking how to truncate binary pipes... /bin/dd bs=4096 count=1
checking for wasm32-unknown-emscripten-mt... no
checking for mt... no
checking if : is a manifest tool... no
checking for stdio.h... yes
checking for stdlib.h... yes
checking for string.h... yes
checking for inttypes.h... yes
checking for stdint.h... yes
checking for strings.h... yes
checking for sys/stat.h... yes
checking for sys/types.h... yes
checking for unistd.h... yes
checking for dlfcn.h... yes
checking for objdir... .libs
checking if /Users/krodriguez/miniforge3/envs/miniset/lib/emscripten-3.1.58/emcc supports -fno-rtti -fno-exceptions... yes
checking for /Users/krodriguez/miniforge3/envs/miniset/lib/emscripten-3.1.58/emcc option to produce PIC... -fPIC -DPIC
checking if /Users/krodriguez/miniforge3/envs/miniset/lib/emscripten-3.1.58/emcc PIC flag -fPIC -DPIC works... yes
checking if /Users/krodriguez/miniforge3/envs/miniset/lib/emscripten-3.1.58/emcc static flag -static works... yes
checking if /Users/krodriguez/miniforge3/envs/miniset/lib/emscripten-3.1.58/emcc supports -c -o file.o... yes
checking if /Users/krodriguez/miniforge3/envs/miniset/lib/emscripten-3.1.58/emcc supports -c -o file.o... (cached) yes
checking whether the /Users/krodriguez/miniforge3/envs/miniset/lib/emscripten-3.1.58/emcc linker (/Users/krodriguez/miniforge3/envs/miniset/lib/emscripten-3.1.58/emcc) supports shared libraries... yes
checking dynamic linker characteristics... no
checking how to hardcode library paths into programs... immediate
checking whether stripping libraries is possible... no
checking if libtool supports shared libraries... no
checking whether to build shared libraries... no
checking whether to build static libraries... yes
checking for fdatasync... yes
checking for usleep... yes
checking for fullfsync... yes
checking for localtime_r... yes
checking for gmtime_r... yes
checking for /Users/krodriguez/miniforge3/envs/miniset/lib/emscripten-3.1.58/emcc options needed to detect all undeclared functions... none needed
checking whether strerror_r is declared... yes
checking whether strerror_r returns char *... no
checking for editline/readline.h... yes
checking for library containing readline... none required
checking for library containing dlopen... none required
checking for whether to support dynamic extensions... yes
checking SQL math functions... enabled
checking for library containing ceil... none required
checking FTS4 extension... enabled
checking FTS3 extension... disabled
checking FTS5 extension... enabled
checking for library containing log... none required
checking RTREE extension... enabled
checking Session extension... disabled
checking Build type... release
checking for posix_fallocate... yes
checking for zlib.h... yes
checking for library containing deflate... none required
checking for library containing system... none required
checking that generated files are newer than configure... done
configure: creating ./config.status
config.status: creating Makefile
config.status: creating sqlite3.pc
config.status: executing depfiles commands
config.status: executing libtool commands
cd build/src/sqlite-autoconf-3460100; \
	EMCC_CFLAGS="-O3 -fexceptions -s ERROR_ON_UNDEFINED_SYMBOLS=0" emmake make -j4 install
/Users/krodriguez/miniforge3/envs/miniset/lib/emscripten-3.1.58/emcc -DPACKAGE_NAME=\"sqlite\" -DPACKAGE_TARNAME=\"sqlite\" -DPACKAGE_VERSION=\"3.46.1\" -DPACKAGE_STRING=\"sqlite\ 3.46.1\" -DPACKAGE_BUGREPORT=\"http://www.sqlite.org\" -DPACKAGE_URL=\"\" -DPACKAGE=\"sqlite\" -DVERSION=\"3.46.1\" -DHAVE_STDIO_H=1 -DHAVE_STDLIB_H=1 -DHAVE_STRING_H=1 -DHAVE_INTTYPES_H=1 -DHAVE_STDINT_H=1 -DHAVE_STRINGS_H=1 -DHAVE_SYS_STAT_H=1 -DHAVE_SYS_TYPES_H=1 -DHAVE_UNISTD_H=1 -DSTDC_HEADERS=1 -DHAVE_DLFCN_H=1 -DLT_OBJDIR=\".libs/\" -DHAVE_FDATASYNC=1 -DHAVE_USLEEP=1 -DHAVE_FULLFSYNC=1 -DHAVE_LOCALTIME_R=1 -DHAVE_GMTIME_R=1 -DHAVE_DECL_STRERROR_R=1 -DHAVE_STRERROR_R=1 -DHAVE_EDITLINE_READLINE_H=1 -DHAVE_EDITLINE=1 -DHAVE_POSIX_FALLOCATE=1 -DHAVE_ZLIB_H=1 -I.   -D_FORTIFY_SOURCE=2 -isystem /Users/krodriguez/miniforge3/envs/miniset/include -DSQLITE_THREADSAFE=0 -DSQLITE_ENABLE_MATH_FUNCTIONS -DSQLITE_ENABLE_FTS4 -DSQLITE_ENABLE_FTS5 -DSQLITE_ENABLE_RTREE -DSQLITE_ENABLE_GEOPOLY -DSQLITE_HAVE_ZLIB  -DSQLITE_ENABLE_EXPLAIN_COMMENTS -DSQLITE_DQS=0 -DSQLITE_ENABLE_DBPAGE_VTAB -DSQLITE_ENABLE_STMTVTAB -DSQLITE_ENABLE_DBSTAT_VTAB  -DSQLITE_THREADSAFE=0 -O3 -fexceptions -s ERROR_ON_UNDEFINED_SYMBOLS=0 -MT sqlite3-shell.o -MD -MP -MF .deps/sqlite3-shell.Tpo -c -o sqlite3-shell.o `test -f 'shell.c' || echo './'`shell.c
/Users/krodriguez/miniforge3/envs/miniset/lib/emscripten-3.1.58/emcc -DPACKAGE_NAME=\"sqlite\" -DPACKAGE_TARNAME=\"sqlite\" -DPACKAGE_VERSION=\"3.46.1\" -DPACKAGE_STRING=\"sqlite\ 3.46.1\" -DPACKAGE_BUGREPORT=\"http://www.sqlite.org\" -DPACKAGE_URL=\"\" -DPACKAGE=\"sqlite\" -DVERSION=\"3.46.1\" -DHAVE_STDIO_H=1 -DHAVE_STDLIB_H=1 -DHAVE_STRING_H=1 -DHAVE_INTTYPES_H=1 -DHAVE_STDINT_H=1 -DHAVE_STRINGS_H=1 -DHAVE_SYS_STAT_H=1 -DHAVE_SYS_TYPES_H=1 -DHAVE_UNISTD_H=1 -DSTDC_HEADERS=1 -DHAVE_DLFCN_H=1 -DLT_OBJDIR=\".libs/\" -DHAVE_FDATASYNC=1 -DHAVE_USLEEP=1 -DHAVE_FULLFSYNC=1 -DHAVE_LOCALTIME_R=1 -DHAVE_GMTIME_R=1 -DHAVE_DECL_STRERROR_R=1 -DHAVE_STRERROR_R=1 -DHAVE_EDITLINE_READLINE_H=1 -DHAVE_EDITLINE=1 -DHAVE_POSIX_FALLOCATE=1 -DHAVE_ZLIB_H=1 -I.   -D_FORTIFY_SOURCE=2 -isystem /Users/krodriguez/miniforge3/envs/miniset/include -DSQLITE_THREADSAFE=0 -DSQLITE_ENABLE_MATH_FUNCTIONS -DSQLITE_ENABLE_FTS4 -DSQLITE_ENABLE_FTS5 -DSQLITE_ENABLE_RTREE -DSQLITE_ENABLE_GEOPOLY -DSQLITE_HAVE_ZLIB  -DSQLITE_ENABLE_EXPLAIN_COMMENTS -DSQLITE_DQS=0 -DSQLITE_ENABLE_DBPAGE_VTAB -DSQLITE_ENABLE_STMTVTAB -DSQLITE_ENABLE_DBSTAT_VTAB  -DSQLITE_THREADSAFE=0 -O3 -fexceptions -s ERROR_ON_UNDEFINED_SYMBOLS=0 -MT sqlite3-sqlite3.o -MD -MP -MF .deps/sqlite3-sqlite3.Tpo -c -o sqlite3-sqlite3.o `test -f 'sqlite3.c' || echo './'`sqlite3.c
/bin/sh ./libtool  --tag=CC   --mode=compile /Users/krodriguez/miniforge3/envs/miniset/lib/emscripten-3.1.58/emcc -DPACKAGE_NAME=\"sqlite\" -DPACKAGE_TARNAME=\"sqlite\" -DPACKAGE_VERSION=\"3.46.1\" -DPACKAGE_STRING=\"sqlite\ 3.46.1\" -DPACKAGE_BUGREPORT=\"http://www.sqlite.org\" -DPACKAGE_URL=\"\" -DPACKAGE=\"sqlite\" -DVERSION=\"3.46.1\" -DHAVE_STDIO_H=1 -DHAVE_STDLIB_H=1 -DHAVE_STRING_H=1 -DHAVE_INTTYPES_H=1 -DHAVE_STDINT_H=1 -DHAVE_STRINGS_H=1 -DHAVE_SYS_STAT_H=1 -DHAVE_SYS_TYPES_H=1 -DHAVE_UNISTD_H=1 -DSTDC_HEADERS=1 -DHAVE_DLFCN_H=1 -DLT_OBJDIR=\".libs/\" -DHAVE_FDATASYNC=1 -DHAVE_USLEEP=1 -DHAVE_FULLFSYNC=1 -DHAVE_LOCALTIME_R=1 -DHAVE_GMTIME_R=1 -DHAVE_DECL_STRERROR_R=1 -DHAVE_STRERROR_R=1 -DHAVE_EDITLINE_READLINE_H=1 -DHAVE_EDITLINE=1 -DHAVE_POSIX_FALLOCATE=1 -DHAVE_ZLIB_H=1 -I.   -D_FORTIFY_SOURCE=2 -isystem /Users/krodriguez/miniforge3/envs/miniset/include -DSQLITE_THREADSAFE=0 -DSQLITE_ENABLE_MATH_FUNCTIONS -DSQLITE_ENABLE_FTS4 -DSQLITE_ENABLE_FTS5 -DSQLITE_ENABLE_RTREE -DSQLITE_ENABLE_GEOPOLY -DSQLITE_HAVE_ZLIB  -DSQLITE_THREADSAFE=0 -O3 -fexceptions -s ERROR_ON_UNDEFINED_SYMBOLS=0 -MT sqlite3.lo -MD -MP -MF .deps/sqlite3.Tpo -c -o sqlite3.lo sqlite3.c
libtool: compile:  /Users/krodriguez/miniforge3/envs/miniset/lib/emscripten-3.1.58/emcc -DPACKAGE_NAME=\"sqlite\" -DPACKAGE_TARNAME=\"sqlite\" -DPACKAGE_VERSION=\"3.46.1\" "-DPACKAGE_STRING=\"sqlite 3.46.1\"" -DPACKAGE_BUGREPORT=\"http://www.sqlite.org\" -DPACKAGE_URL=\"\" -DPACKAGE=\"sqlite\" -DVERSION=\"3.46.1\" -DHAVE_STDIO_H=1 -DHAVE_STDLIB_H=1 -DHAVE_STRING_H=1 -DHAVE_INTTYPES_H=1 -DHAVE_STDINT_H=1 -DHAVE_STRINGS_H=1 -DHAVE_SYS_STAT_H=1 -DHAVE_SYS_TYPES_H=1 -DHAVE_UNISTD_H=1 -DSTDC_HEADERS=1 -DHAVE_DLFCN_H=1 -DLT_OBJDIR=\".libs/\" -DHAVE_FDATASYNC=1 -DHAVE_USLEEP=1 -DHAVE_FULLFSYNC=1 -DHAVE_LOCALTIME_R=1 -DHAVE_GMTIME_R=1 -DHAVE_DECL_STRERROR_R=1 -DHAVE_STRERROR_R=1 -DHAVE_EDITLINE_READLINE_H=1 -DHAVE_EDITLINE=1 -DHAVE_POSIX_FALLOCATE=1 -DHAVE_ZLIB_H=1 -I. -D_FORTIFY_SOURCE=2 -isystem /Users/krodriguez/miniforge3/envs/miniset/include -DSQLITE_THREADSAFE=0 -DSQLITE_ENABLE_MATH_FUNCTIONS -DSQLITE_ENABLE_FTS4 -DSQLITE_ENABLE_FTS5 -DSQLITE_ENABLE_RTREE -DSQLITE_ENABLE_GEOPOLY -DSQLITE_HAVE_ZLIB -DSQLITE_THREADSAFE=0 -O3 -fexceptions -s ERROR_ON_UNDEFINED_SYMBOLS=0 -MT sqlite3.lo -MD -MP -MF .deps/sqlite3.Tpo -c sqlite3.c -o sqlite3.o
mv -f .deps/sqlite3-shell.Tpo .deps/sqlite3-shell.Po
mv -f .deps/sqlite3.Tpo .deps/sqlite3.Plo
/bin/sh ./libtool  --tag=CC   --mode=link /Users/krodriguez/miniforge3/envs/miniset/lib/emscripten-3.1.58/emcc -DSQLITE_THREADSAFE=0 -DSQLITE_ENABLE_MATH_FUNCTIONS -DSQLITE_ENABLE_FTS4 -DSQLITE_ENABLE_FTS5 -DSQLITE_ENABLE_RTREE -DSQLITE_ENABLE_GEOPOLY -DSQLITE_HAVE_ZLIB  -DSQLITE_THREADSAFE=0 -O3 -fexceptions -s ERROR_ON_UNDEFINED_SYMBOLS=0 -no-undefined -version-info 8:6:8  -o libsqlite3.la -rpath /Users/krodriguez/repos/knoten/miniset/wasm/build/install/lib sqlite3.lo  
libtool: link: /Users/krodriguez/miniforge3/envs/miniset/lib/emscripten-3.1.58/emar cr .libs/libsqlite3.a  sqlite3.o
mv -f .deps/sqlite3-sqlite3.Tpo .deps/sqlite3-sqlite3.Po
/bin/sh ./libtool  --tag=CC   --mode=link /Users/krodriguez/miniforge3/envs/miniset/lib/emscripten-3.1.58/emcc -DSQLITE_THREADSAFE=0 -DSQLITE_ENABLE_MATH_FUNCTIONS -DSQLITE_ENABLE_FTS4 -DSQLITE_ENABLE_FTS5 -DSQLITE_ENABLE_RTREE -DSQLITE_ENABLE_GEOPOLY -DSQLITE_HAVE_ZLIB  -DSQLITE_ENABLE_EXPLAIN_COMMENTS -DSQLITE_DQS=0 -DSQLITE_ENABLE_DBPAGE_VTAB -DSQLITE_ENABLE_STMTVTAB -DSQLITE_ENABLE_DBSTAT_VTAB  -DSQLITE_THREADSAFE=0 -O3 -fexceptions -s ERROR_ON_UNDEFINED_SYMBOLS=0   -o sqlite3 sqlite3-shell.o sqlite3-sqlite3.o  -ltinfo 
libtool: link: /Users/krodriguez/miniforge3/envs/miniset/lib/emscripten-3.1.58/emcc -DSQLITE_THREADSAFE=0 -DSQLITE_ENABLE_MATH_FUNCTIONS -DSQLITE_ENABLE_FTS4 -DSQLITE_ENABLE_FTS5 -DSQLITE_ENABLE_RTREE -DSQLITE_ENABLE_GEOPOLY -DSQLITE_HAVE_ZLIB -DSQLITE_ENABLE_EXPLAIN_COMMENTS -DSQLITE_DQS=0 -DSQLITE_ENABLE_DBPAGE_VTAB -DSQLITE_ENABLE_STMTVTAB -DSQLITE_ENABLE_DBSTAT_VTAB -DSQLITE_THREADSAFE=0 -O3 -fexceptions -s ERROR_ON_UNDEFINED_SYMBOLS=0 -o sqlite3 sqlite3-shell.o sqlite3-sqlite3.o  -ltinfo
libtool: link: /Users/krodriguez/miniforge3/envs/miniset/lib/emscripten-3.1.58/emranlib .libs/libsqlite3.a
libtool: link: ( cd ".libs" && rm -f "libsqlite3.la" && ln -s "../libsqlite3.la" "libsqlite3.la" )
